// Jest Snapshot v1, https://goo.gl/fbAQLP

exports[`App should render screen 1`] = `
<div>
  <h1>
    Vite + React + Zustand
  </h1>
  <div
    class="card"
  >
    <button>
      count is 
      0
    </button>
  </div>
  <div
    class="Todo"
  >
    <h1>
      Lista de afazeres
    </h1>
    <div
      class="Input"
    >
      <input
        id="title"
      />
      <button>
        Adicionar
      </button>
    </div>
    <ul />
  </div>
</div>
`;
